{
  "simple::test::simple_snapshot": {
    "file": "tests/simple.rs",
    "module_path": "simple::test",
    "test_function": "simple_snapshot",
    "recorded_value": 1
  }
}